> Task :app:preBuild UP-TO-DATE
> Task :app:preDebugBuild UP-TO-DATE
> Task :app:mergeDebugNativeDebugMetadata NO-SOURCE
> Task :domain:checkKotlinGradlePluginConfigurationErrors SKIPPED
> Task :domain:compileKotlin UP-TO-DATE
> Task :domain:compileJava NO-SOURCE
> Task :domain:processResources NO-SOURCE
> Task :domain:classes UP-TO-DATE
> Task :domain:jar UP-TO-DATE
> Task :app:checkKotlinGradlePluginConfigurationErrors SKIPPED
> Task :data:preBuild UP-TO-DATE
> Task :data:preDebugBuild UP-TO-DATE
> Task :data:writeDebugAarMetadata UP-TO-DATE
> Task :player:preBuild UP-TO-DATE
> Task :player:preDebugBuild UP-TO-DATE
> Task :player:writeDebugAarMetadata UP-TO-DATE
> Task :app:checkDebugAarMetadata UP-TO-DATE
> Task :app:generateDebugResValues UP-TO-DATE
> Task :data:generateDebugResValues UP-TO-DATE
> Task :data:generateDebugResources UP-TO-DATE
> Task :data:packageDebugResources UP-TO-DATE
> Task :player:generateDebugResValues UP-TO-DATE
> Task :player:generateDebugResources UP-TO-DATE
> Task :player:packageDebugResources UP-TO-DATE
> Task :app:mapDebugSourceSetPaths
> Task :app:generateDebugResources
> Task :app:packageDebugResources
> Task :app:createDebugCompatibleScreenManifests UP-TO-DATE
> Task :app:extractDeepLinksDebug UP-TO-DATE
> Task :data:extractDeepLinksDebug UP-TO-DATE
> Task :data:processDebugManifest UP-TO-DATE
> Task :player:extractDeepLinksDebug UP-TO-DATE
> Task :player:processDebugManifest UP-TO-DATE
> Task :app:mergeDebugResources
> Task :app:parseDebugLocalResources
> Task :app:processDebugMainManifest
> Task :app:processDebugManifest
> Task :data:compileDebugLibraryResources UP-TO-DATE
> Task :data:parseDebugLocalResources UP-TO-DATE
> Task :data:generateDebugRFile UP-TO-DATE
> Task :player:compileDebugLibraryResources UP-TO-DATE
> Task :player:parseDebugLocalResources UP-TO-DATE
> Task :player:generateDebugRFile UP-TO-DATE
> Task :data:checkKotlinGradlePluginConfigurationErrors SKIPPED
> Task :data:kspDebugKotlin UP-TO-DATE
> Task :data:compileDebugKotlin UP-TO-DATE
> Task :data:javaPreCompileDebug UP-TO-DATE
> Task :data:compileDebugJavaWithJavac UP-TO-DATE
> Task :data:copyRoomSchemas NO-SOURCE
> Task :data:transformDebugClassesWithAsm UP-TO-DATE
> Task :data:bundleLibCompileToJarDebug UP-TO-DATE
> Task :player:checkKotlinGradlePluginConfigurationErrors SKIPPED
> Task :player:kspDebugKotlin UP-TO-DATE
> Task :player:compileDebugKotlin UP-TO-DATE
> Task :player:javaPreCompileDebug UP-TO-DATE
> Task :player:compileDebugJavaWithJavac UP-TO-DATE
> Task :player:transformDebugClassesWithAsm UP-TO-DATE
> Task :player:bundleLibCompileToJarDebug UP-TO-DATE
> Task :app:javaPreCompileDebug UP-TO-DATE
> Task :app:mergeDebugShaders UP-TO-DATE
> Task :app:compileDebugShaders NO-SOURCE
> Task :app:generateDebugAssets UP-TO-DATE
> Task :data:mergeDebugShaders UP-TO-DATE
> Task :data:compileDebugShaders NO-SOURCE
> Task :data:generateDebugAssets UP-TO-DATE
> Task :data:packageDebugAssets UP-TO-DATE
> Task :player:mergeDebugShaders UP-TO-DATE
> Task :player:compileDebugShaders NO-SOURCE
> Task :player:generateDebugAssets UP-TO-DATE
> Task :player:packageDebugAssets UP-TO-DATE
> Task :app:mergeDebugAssets UP-TO-DATE
> Task :app:compressDebugAssets UP-TO-DATE
> Task :data:bundleLibRuntimeToJarDebug UP-TO-DATE
> Task :player:bundleLibRuntimeToJarDebug UP-TO-DATE
> Task :app:desugarDebugFileDependencies UP-TO-DATE
> Task :data:processDebugJavaRes UP-TO-DATE
> Task :player:processDebugJavaRes UP-TO-DATE
> Task :app:checkDebugDuplicateClasses UP-TO-DATE
> Task :app:mergeExtDexDebug UP-TO-DATE
> Task :data:bundleLibRuntimeToDirDebug UP-TO-DATE
> Task :app:processDebugManifestForPackage
> Task :player:bundleLibRuntimeToDirDebug UP-TO-DATE
> Task :app:mergeDebugJniLibFolders UP-TO-DATE
> Task :data:mergeDebugJniLibFolders UP-TO-DATE
> Task :data:mergeDebugNativeLibs NO-SOURCE
> Task :data:copyDebugJniLibsProjectOnly UP-TO-DATE
> Task :app:mergeLibDexDebug UP-TO-DATE
> Task :player:mergeDebugJniLibFolders UP-TO-DATE
> Task :player:mergeDebugNativeLibs NO-SOURCE
> Task :player:copyDebugJniLibsProjectOnly UP-TO-DATE
> Task :app:mergeDebugNativeLibs UP-TO-DATE
> Task :app:stripDebugDebugSymbols UP-TO-DATE
> Task :app:validateSigningDebug UP-TO-DATE
> Task :app:writeDebugAppMetadata UP-TO-DATE
> Task :app:writeDebugSigningConfigVersions UP-TO-DATE
> Task :app:processDebugResources
> Task :app:kspDebugKotlin
> Task :app:compileDebugKotlin
> Task :app:compileDebugJavaWithJavac UP-TO-DATE
> Task :app:hiltAggregateDepsDebug UP-TO-DATE
> Task :app:hiltJavaCompileDebug UP-TO-DATE
> Task :app:processDebugJavaRes UP-TO-DATE
> Task :app:mergeDebugJavaResource UP-TO-DATE
> Task :app:transformDebugClassesWithAsm
> Task :app:dexBuilderDebug
> Task :app:mergeDebugGlobalSynthetics UP-TO-DATE
> Task :app:mergeProjectDexDebug
> Task :app:packageDebug
> Task :app:createDebugApkListingFileRedirect UP-TO-DATE
> Task :app:assembleDebug

BUILD SUCCESSFUL in 28s
86 actionable tasks: 15 executed, 71 up-to-date
