> Task :domain:checkKotlinGradlePluginConfigurationErrors SKIPPED
> Task :domain:compileKotlin UP-TO-DATE
> Task :domain:compileJava NO-SOURCE
> Task :domain:processResources NO-SOURCE
> Task :domain:classes UP-TO-DATE
> Task :domain:jar UP-TO-DATE
> Task :app:checkKotlinGradlePluginConfigurationErrors SKIPPED
> Task :app:preBuild UP-TO-DATE
> Task :app:preDebugBuild UP-TO-DATE
> Task :data:preBuild UP-TO-DATE
> Task :data:preDebugBuild UP-TO-DATE
> Task :data:writeDebugAarMetadata UP-TO-DATE
> Task :player:preBuild UP-TO-DATE
> Task :player:preDebugBuild UP-TO-DATE
> Task :player:writeDebugAarMetadata UP-TO-DATE
> Task :app:checkDebugAarMetadata UP-TO-DATE
> Task :app:generateDebugResValues UP-TO-DATE
> Task :data:generateDebugResValues UP-TO-DATE
> Task :data:generateDebugResources UP-TO-DATE
> Task :data:packageDebugResources UP-TO-DATE
> Task :player:generateDebugResValues UP-TO-DATE
> Task :player:generateDebugResources UP-TO-DATE
> Task :player:packageDebugResources UP-TO-DATE
> Task :app:mapDebugSourceSetPaths UP-TO-DATE
> Task :app:generateDebugResources UP-TO-DATE
> Task :app:mergeDebugResources UP-TO-DATE
> Task :app:packageDebugResources UP-TO-DATE
> Task :app:parseDebugLocalResources UP-TO-DATE
> Task :app:createDebugCompatibleScreenManifests UP-TO-DATE
> Task :app:extractDeepLinksDebug UP-TO-DATE
> Task :data:extractDeepLinksDebug UP-TO-DATE
> Task :data:processDebugManifest UP-TO-DATE
> Task :player:extractDeepLinksDebug UP-TO-DATE
> Task :player:processDebugManifest UP-TO-DATE
> Task :app:processDebugMainManifest UP-TO-DATE
> Task :app:processDebugManifest UP-TO-DATE
> Task :app:processDebugManifestForPackage UP-TO-DATE
> Task :data:compileDebugLibraryResources UP-TO-DATE
> Task :data:parseDebugLocalResources UP-TO-DATE
> Task :data:generateDebugRFile UP-TO-DATE
> Task :player:compileDebugLibraryResources UP-TO-DATE
> Task :player:parseDebugLocalResources UP-TO-DATE
> Task :player:generateDebugRFile UP-TO-DATE
> Task :app:processDebugResources UP-TO-DATE
> Task :data:checkKotlinGradlePluginConfigurationErrors SKIPPED
> Task :data:kspDebugKotlin UP-TO-DATE
> Task :data:compileDebugKotlin UP-TO-DATE
> Task :data:javaPreCompileDebug UP-TO-DATE
> Task :data:compileDebugJavaWithJavac UP-TO-DATE
> Task :data:copyRoomSchemas NO-SOURCE
> Task :data:transformDebugClassesWithAsm UP-TO-DATE
> Task :data:bundleLibCompileToJarDebug UP-TO-DATE
> Task :player:checkKotlinGradlePluginConfigurationErrors SKIPPED
> Task :player:kspDebugKotlin UP-TO-DATE
> Task :player:compileDebugKotlin UP-TO-DATE
> Task :player:javaPreCompileDebug UP-TO-DATE
> Task :player:compileDebugJavaWithJavac UP-TO-DATE
> Task :player:transformDebugClassesWithAsm UP-TO-DATE
> Task :player:bundleLibCompileToJarDebug UP-TO-DATE

> Task :app:kspDebugKotlin FAILED
e: [ksp] C:/Users/david/.gemini/antigravity/scratch/iptv-player/app/src/main/java/com/streamvault/app/ui/screens/series/SeriesScreen.kt: (362, 72): Function declaration must have a name
e: Error occurred in KSP, check log for detail
e: file:///C:/Users/david/.gemini/antigravity/scratch/iptv-player/app/src/main/java/com/streamvault/app/ui/screens/series/SeriesScreen.kt:362:5 Expecting a top level declaration
e: file:///C:/Users/david/.gemini/antigravity/scratch/iptv-player/app/src/main/java/com/streamvault/app/ui/screens/series/SeriesScreen.kt:362:8 Expecting a top level declaration
e: file:///C:/Users/david/.gemini/antigravity/scratch/iptv-player/app/src/main/java/com/streamvault/app/ui/screens/series/SeriesScreen.kt:362:9 Expecting a top level declaration
e: file:///C:/Users/david/.gemini/antigravity/scratch/iptv-player/app/src/main/java/com/streamvault/app/ui/screens/series/SeriesScreen.kt:362:16 Expecting a top level declaration
e: file:///C:/Users/david/.gemini/antigravity/scratch/iptv-player/app/src/main/java/com/streamvault/app/ui/screens/series/SeriesScreen.kt:362:17 Expecting a top level declaration
e: file:///C:/Users/david/.gemini/antigravity/scratch/iptv-player/app/src/main/java/com/streamvault/app/ui/screens/series/SeriesScreen.kt:362:28 Expecting a top level declaration
e: file:///C:/Users/david/.gemini/antigravity/scratch/iptv-player/app/src/main/java/com/streamvault/app/ui/screens/series/SeriesScreen.kt:362:31 Expecting a top level declaration
e: file:///C:/Users/david/.gemini/antigravity/scratch/iptv-player/app/src/main/java/com/streamvault/app/ui/screens/series/SeriesScreen.kt:362:38 Expecting a top level declaration
e: file:///C:/Users/david/.gemini/antigravity/scratch/iptv-player/app/src/main/java/com/streamvault/app/ui/screens/series/SeriesScreen.kt:362:39 Expecting a top level declaration
e: file:///C:/Users/david/.gemini/antigravity/scratch/iptv-player/app/src/main/java/com/streamvault/app/ui/screens/series/SeriesScreen.kt:362:63 Expecting a top level declaration
e: file:///C:/Users/david/.gemini/antigravity/scratch/iptv-player/app/src/main/java/com/streamvault/app/ui/screens/series/SeriesScreen.kt:362:66 Expecting a top level declaration
e: file:///C:/Users/david/.gemini/antigravity/scratch/iptv-player/app/src/main/java/com/streamvault/app/ui/screens/series/SeriesScreen.kt:362:70 Expecting a top level declaration
e: file:///C:/Users/david/.gemini/antigravity/scratch/iptv-player/app/src/main/java/com/streamvault/app/ui/screens/series/SeriesScreen.kt:362:72 Expecting a top level declaration
e: file:///C:/Users/david/.gemini/antigravity/scratch/iptv-player/app/src/main/java/com/streamvault/app/ui/screens/series/SeriesScreen.kt:378:1 Expecting a top level declaration

FAILURE: Build failed with an exception.

* What went wrong:
Execution failed for task ':app:kspDebugKotlin'.
> A failure occurred while executing org.jetbrains.kotlin.compilerRunner.GradleCompilerRunnerWithWorkers$GradleKotlinCompilerWorkAction
   > Compilation error. See log for more details

* Try:
> Run with --stacktrace option to get the stack trace.
> Run with --info or --debug option to get more log output.
> Run with --scan to get full insights.
> Get more help at https://help.gradle.org.

BUILD FAILED in 2s
46 actionable tasks: 1 executed, 45 up-to-date
